{"ts": "2026-10-06T11:10:35.507163+00:00", "severity": "INFO", "service": "agentic-core", "logger": "aries.api.app", "msg": "ARIES routes mounted at /api/aries; security posture: {'api_key_configured': '***', 'serves': 'loopback only', 'credentials_key_configured': '***', 'secret_storage': '***', 'dry_run': True, 'live_tools': [], 'environment': 'development'}", "env": "test", "correlation_id": null, "user_id": null, "task_id": null, "execution_id": null, "agent": null, "tool": null, "error": null, "source": {"file": "app.py", "line": 63, "func": "<module>"}}
{"ts": "2026-10-06T11:10:35.507550+00:00", "severity": "WARNING", "service": "agentic-core", "logger": "aries.api.app", "msg": "No API_KEY configured — ARIES serves loopback only. Set API_KEY before exposing it to any network.", "env": "test", "correlation_id": null, "user_id": null, "task_id": null, "execution_id": null, "agent": null, "tool": null, "error": null, "source": {"file": "app.py", "line": 65, "func": "<module>"}}
Traceback (most recent call last):
  File "/home/stamenovmartin/aries/vendor/agentic-core/tests/_harness.py", line 56, in run_module
    asyncio.run(r)
  File "/home/stamenovmartin/.local/share/uv/python/cpython-3.12.14-linux-x86_64-gnu/lib/python3.12/asyncio/runners.py", line 195, in run
    return runner.run(main)
           ^^^^^^^^^^^^^^^^
  File "/home/stamenovmartin/.local/share/uv/python/cpython-3.12.14-linux-x86_64-gnu/lib/python3.12/asyncio/runners.py", line 118, in run
    return self._loop.run_until_complete(task)
           ^^^^^^^^^^^^^^^^^^^^^^^^^^^^^^^^^^^
  File "/home/stamenovmartin/.local/share/uv/python/cpython-3.12.14-linux-x86_64-gnu/lib/python3.12/asyncio/base_events.py", line 691, in run_until_complete
    return future.result()
           ^^^^^^^^^^^^^^^
  File "/home/stamenovmartin/aries/tests/test_agent_replay.py", line 30, in test_timeout_after_mutation_is_not_replayed
    check('first real side effect remains without a second write',path.read_text()=='effect occurred 1')
                                                                  ^^^^^^^^^^^^^^^^
  File "/home/stamenovmartin/.local/share/uv/python/cpython-3.12.14-linux-x86_64-gnu/lib/python3.12/pathlib.py", line 1027, in read_text
    with self.open(mode='r', encoding=encoding, errors=errors) as f:
         ^^^^^^^^^^^^^^^^^^^^^^^^^^^^^^^^^^^^^^^^^^^^^^^^^^^^^
  File "/home/stamenovmartin/.local/share/uv/python/cpython-3.12.14-linux-x86_64-gnu/lib/python3.12/pathlib.py", line 1013, in open
    return io.open(self, mode, buffering, encoding, errors, newline)
           ^^^^^^^^^^^^^^^^^^^^^^^^^^^^^^^^^^^^^^^^^^^^^^^^^^^^^^^^^
FileNotFoundError: [Errno 2] No such file or directory: '/home/stamenovmartin/tmpivhb18lx/replay-fixture.txt'
--- test_timeout_after_mutation_is_not_replayed
FAIL  mutation executes exactly once despite identical retry proposal
FAIL  test_timeout_after_mutation_is_not_replayed: FileNotFoundError: [Errno 2] No such file or directory: '/home/stamenovmartin/tmpivhb18lx/replay-fixture.txt'
--- test_transient_read_can_retry_and_verify
PASS  transient read retains one permitted retry
PASS  retry succeeds with independent final proof
PASS  read retry is counted
FAILURES
