--- test_explicit_classification_has_bound_origin
PASS  explicit baseline binds current request privacy
PASS  explicit baseline never accepts a local substitute
PASS  explicit baseline binds current request privacy
PASS  explicit baseline never accepts a local substitute
--- test_label_origin_survives_history_and_context
PASS  desktop titles remain personal in final prompt
PASS  explicit private user request stays local
PASS  planner origin class retained personal
PASS  planner origin class retained personal
PASS  planner origin class retained file_content
PASS  planner origin class retained personal
PASS  empty historical containers do not force local
--- test_missing_or_tampered_provenance_cannot_authorize_cloud
PASS  unbound content stays local
PASS  unbound content stays local
PASS  unbound content stays local
PASS  no cloud dispatch on any tamper case
PASS  strict cloud experiment fails instead of relabelling local
--- test_transport_partition_and_task_lineage
PASS  public transport partition
PASS  public actual provider recorded
PASS  synthetic transport partition
PASS  synthetic actual provider recorded
PASS  personal transport partition
PASS  personal actual provider recorded
PASS  secret transport partition
PASS  secret actual provider recorded
PASS  unknown transport partition
PASS  unknown actual provider recorded
PASS  file_content transport partition
PASS  file_content actual provider recorded
PASS  explicit file sharing permits file content
PASS  file permission does not declassify personal data
PASS  privacy mode wins over public route
PASS  all six calls attributed including local privacy redirects
PASS  call identifiers unique
PASS  task context does not leak to later calls
PASS  canary text absent from inference audit
ALL PASSED
